
Attaching package: ‘dplyr’

The following objects are masked from ‘package:stats’:

    filter, lag

The following objects are masked from ‘package:base’:

    intersect, setdiff, setequal, union

Rows: 51 Columns: 4
── Column specification ────────────────────────────────────────────────────────
Delimiter: ","
chr (1): st
dbl (3): Hail, Tornado, Wind

ℹ Use `spec()` to retrieve the full column specification for this data.
ℹ Specify the column types or set `show_col_types = FALSE` to quiet this message.
Rows: 51 Columns: 4
── Column specification ────────────────────────────────────────────────────────
Delimiter: ","
chr (1): st
dbl (3): Hail, Tornado, Wind

ℹ Use `spec()` to retrieve the full column specification for this data.
ℹ Specify the column types or set `show_col_types = FALSE` to quiet this message.
Rows: 49 Columns: 4
── Column specification ────────────────────────────────────────────────────────
Delimiter: ","
chr (1): st
dbl (3): Hail, Tornado, Wind

ℹ Use `spec()` to retrieve the full column specification for this data.
ℹ Specify the column types or set `show_col_types = FALSE` to quiet this message.
Rows: 52 Columns: 4
── Column specification ────────────────────────────────────────────────────────
Delimiter: ","
chr (1): st
dbl (3): Hail, Tornado, Wind

ℹ Use `spec()` to retrieve the full column specification for this data.
ℹ Specify the column types or set `show_col_types = FALSE` to quiet this message.
Rows: 51 Columns: 4
── Column specification ────────────────────────────────────────────────────────
Delimiter: ","
chr (1): st
dbl (3): Hail, Tornado, Wind

ℹ Use `spec()` to retrieve the full column specification for this data.
ℹ Specify the column types or set `show_col_types = FALSE` to quiet this message.
Rows: 50 Columns: 4
── Column specification ────────────────────────────────────────────────────────
Delimiter: ","
chr (1): st
dbl (3): Hail, Tornado, Wind

ℹ Use `spec()` to retrieve the full column specification for this data.
ℹ Specify the column types or set `show_col_types = FALSE` to quiet this message.
Rows: 52 Columns: 4
── Column specification ────────────────────────────────────────────────────────
Delimiter: ","
chr (1): st
dbl (3): Wind, Hail, Tornado

ℹ Use `spec()` to retrieve the full column specification for this data.
ℹ Specify the column types or set `show_col_types = FALSE` to quiet this message.
Rows: 50 Columns: 4
── Column specification ────────────────────────────────────────────────────────
Delimiter: ","
chr (1): st
dbl (3): Hail, Tornado, Wind

ℹ Use `spec()` to retrieve the full column specification for this data.
ℹ Specify the column types or set `show_col_types = FALSE` to quiet this message.
Rows: 52 Columns: 4
── Column specification ────────────────────────────────────────────────────────
Delimiter: ","
chr (1): st
dbl (3): Hail, Tornado, Wind

ℹ Use `spec()` to retrieve the full column specification for this data.
ℹ Specify the column types or set `show_col_types = FALSE` to quiet this message.
Rows: 52 Columns: 4
── Column specification ────────────────────────────────────────────────────────
Delimiter: ","
chr (1): st
dbl (3): Hail, Tornado, Wind

ℹ Use `spec()` to retrieve the full column specification for this data.
ℹ Specify the column types or set `show_col_types = FALSE` to quiet this message.
Rows: 51 Columns: 4
── Column specification ────────────────────────────────────────────────────────
Delimiter: ","
chr (1): st
dbl (3): Hail, Tornado, Wind

ℹ Use `spec()` to retrieve the full column specification for this data.
ℹ Specify the column types or set `show_col_types = FALSE` to quiet this message.
Rows: 51 Columns: 4
── Column specification ────────────────────────────────────────────────────────
Delimiter: ","
chr (1): st
dbl (3): Hail, Wind, Tornado

ℹ Use `spec()` to retrieve the full column specification for this data.
ℹ Specify the column types or set `show_col_types = FALSE` to quiet this message.
Rows: 51 Columns: 4
── Column specification ────────────────────────────────────────────────────────
Delimiter: ","
chr (1): st
dbl (3): Wind, Hail, Tornado

ℹ Use `spec()` to retrieve the full column specification for this data.
ℹ Specify the column types or set `show_col_types = FALSE` to quiet this message.
Rows: 51 Columns: 4
── Column specification ────────────────────────────────────────────────────────
Delimiter: ","
chr (1): st
dbl (3): Hail, Tornado, Wind

ℹ Use `spec()` to retrieve the full column specification for this data.
ℹ Specify the column types or set `show_col_types = FALSE` to quiet this message.
Rows: 52 Columns: 4
── Column specification ────────────────────────────────────────────────────────
Delimiter: ","
chr (1): st
dbl (3): Hail, Wind, Tornado

ℹ Use `spec()` to retrieve the full column specification for this data.
ℹ Specify the column types or set `show_col_types = FALSE` to quiet this message.
Rows: 51 Columns: 4
── Column specification ────────────────────────────────────────────────────────
Delimiter: ","
chr (1): st
dbl (3): Hail, Tornado, Wind

ℹ Use `spec()` to retrieve the full column specification for this data.
ℹ Specify the column types or set `show_col_types = FALSE` to quiet this message.
Rows: 51 Columns: 4
── Column specification ────────────────────────────────────────────────────────
Delimiter: ","
chr (1): st
dbl (3): Hail, Tornado, Wind

ℹ Use `spec()` to retrieve the full column specification for this data.
ℹ Specify the column types or set `show_col_types = FALSE` to quiet this message.
Rows: 51 Columns: 4
── Column specification ────────────────────────────────────────────────────────
Delimiter: ","
chr (1): st
dbl (3): Hail, Tornado, Wind

ℹ Use `spec()` to retrieve the full column specification for this data.
ℹ Specify the column types or set `show_col_types = FALSE` to quiet this message.
Rows: 50 Columns: 4
── Column specification ────────────────────────────────────────────────────────
Delimiter: ","
chr (1): st
dbl (3): Hail, Tornado, Wind

ℹ Use `spec()` to retrieve the full column specification for this data.
ℹ Specify the column types or set `show_col_types = FALSE` to quiet this message.
Rows: 52 Columns: 4
── Column specification ────────────────────────────────────────────────────────
Delimiter: ","
chr (1): st
dbl (3): Hail, Tornado, Wind

ℹ Use `spec()` to retrieve the full column specification for this data.
ℹ Specify the column types or set `show_col_types = FALSE` to quiet this message.
Rows: 51 Columns: 4
── Column specification ────────────────────────────────────────────────────────
Delimiter: ","
chr (1): st
dbl (3): Hail, Tornado, Wind

ℹ Use `spec()` to retrieve the full column specification for this data.
ℹ Specify the column types or set `show_col_types = FALSE` to quiet this message.
Rows: 51 Columns: 4
── Column specification ────────────────────────────────────────────────────────
Delimiter: ","
chr (1): st
dbl (3): Hail, Tornado, Wind

ℹ Use `spec()` to retrieve the full column specification for this data.
ℹ Specify the column types or set `show_col_types = FALSE` to quiet this message.
Rows: 52 Columns: 4
── Column specification ────────────────────────────────────────────────────────
Delimiter: ","
chr (1): st
dbl (3): Hail, Tornado, Wind

ℹ Use `spec()` to retrieve the full column specification for this data.
ℹ Specify the column types or set `show_col_types = FALSE` to quiet this message.
Rows: 52 Columns: 4
── Column specification ────────────────────────────────────────────────────────
Delimiter: ","
chr (1): st
dbl (3): Wind, Hail, Tornado

ℹ Use `spec()` to retrieve the full column specification for this data.
ℹ Specify the column types or set `show_col_types = FALSE` to quiet this message.
Rows: 51 Columns: 4
── Column specification ────────────────────────────────────────────────────────
Delimiter: ","
chr (1): st
dbl (3): Hail, Tornado, Wind

ℹ Use `spec()` to retrieve the full column specification for this data.
ℹ Specify the column types or set `show_col_types = FALSE` to quiet this message.
Rows: 52 Columns: 4
── Column specification ────────────────────────────────────────────────────────
Delimiter: ","
chr (1): st
dbl (3): Hail, Tornado, Wind

ℹ Use `spec()` to retrieve the full column specification for this data.
ℹ Specify the column types or set `show_col_types = FALSE` to quiet this message.
Rows: 52 Columns: 4
── Column specification ────────────────────────────────────────────────────────
Delimiter: ","
chr (1): st
dbl (3): Hail, Tornado, Wind

ℹ Use `spec()` to retrieve the full column specification for this data.
ℹ Specify the column types or set `show_col_types = FALSE` to quiet this message.
Rows: 53 Columns: 4
── Column specification ────────────────────────────────────────────────────────
Delimiter: ","
chr (1): st
dbl (3): Wind, Hail, Tornado

ℹ Use `spec()` to retrieve the full column specification for this data.
ℹ Specify the column types or set `show_col_types = FALSE` to quiet this message.
Warning message:
There was 1 warning in `summarise()`.
ℹ In argument: `across(c(Tornado, Hail, Wind), sum, na.rm = TRUE)`.
ℹ In group 1: `st = "AK"`.
Caused by warning:
! The `...` argument of `across()` is deprecated as of dplyr 1.1.0.
Supply arguments directly to `.fns` through an anonymous function instead.

  # Previously
  across(a:b, mean, na.rm = TRUE)

  # Now
  across(a:b, \(x) mean(x, na.rm = TRUE)) 
