000 (266384.017.000) 2025-04-25 23:53:58 Job submitted from host: <128.104.100.148:9618?addrs=128.104.100.148-9618+[2607-f388-107c-501-216-3eff-feb2-bc11]-9618&alias=learn.chtc.wisc.edu&noUDP&sock=schedd_1351356_64bc>
...
040 (266384.017.000) 2025-04-25 23:54:27 Started transferring input files
	Transferring to host: <128.105.68.81:9618?addrs=128.105.68.81-9618&alias=e2411.chtc.wisc.edu&noUDP&sock=slot1_34_38381_a2f2_28250>
...
040 (266384.017.000) 2025-04-25 23:55:02 Finished transferring input files
...
040 (266384.017.000) 2025-04-25 23:55:03 Started transferring output files
...
021 (266384.017.000) 2025-04-25 23:55:03 Error from starter on slot1_34@e2411.chtc.wisc.edu:
	Failed to transfer files: SHADOW at 128.104.100.148 failed to send file(s) to <128.105.68.81:40127>: |Error: reading from file /home/twang682/project/extracted_torn_data/2013_tornado.csv: (errno 2) No such file or directory; STARTER failed to receive file(s) from <128.104.100.148:9618>
	Code 13 Subcode 2
...
004 (266384.017.000) 2025-04-25 23:55:03 Job was evicted.
	(0) CPU times
		Usr 0 00:00:00, Sys 0 00:00:00  -  Run Remote Usage
		Usr 0 00:00:00, Sys 0 00:00:00  -  Run Local Usage
	0  -  Run Bytes Sent By Job
	2748447  -  Run Bytes Received By Job
	Transfer input files failure at access point learn while sending files to execution point slot1_34@e2411.chtc.wisc.edu. Details: reading from file /home/twang682/project/extracted_torn_data/2013_tornado.csv: (errno 2) No such file or directory
	Partitionable Resources :    Usage  Request Allocated 
	   Cpus                 :        0        1         1 
	   Disk (KB)            :   778838   512000    513024 
	   GPUs                 :                           0 
	   IoHeavy              :                           0 
	   Memory (MB)          :               512       512 
...
012 (266384.017.000) 2025-04-25 23:55:03 Job was held.
	Transfer input files failure at access point learn while sending files to execution point slot1_34@e2411.chtc.wisc.edu. Details: reading from file /home/twang682/project/extracted_torn_data/2013_tornado.csv: (errno 2) No such file or directory
	Code 13 Subcode 2
...
000 (266385.017.000) 2025-04-26 00:25:32 Job submitted from host: <128.104.100.148:9618?addrs=128.104.100.148-9618+[2607-f388-107c-501-216-3eff-feb2-bc11]-9618&alias=learn.chtc.wisc.edu&noUDP&sock=schedd_1351356_64bc>
...
040 (266385.017.000) 2025-04-26 00:27:21 Started transferring input files
	Transferring to host: <128.105.68.154:9618?addrs=128.105.68.154-9618+[2607-f388-2200-100-b226-28ff-fe51-60cc]-9618&alias=e2013.chtc.wisc.edu&noUDP&sock=slot1_17_1782170_bcd0_18962>
...
040 (266385.017.000) 2025-04-26 00:31:40 Finished transferring input files
...
040 (266385.017.000) 2025-04-26 00:31:41 Started transferring output files
...
021 (266385.017.000) 2025-04-26 00:31:41 Error from starter on slot1_17@e2013.chtc.wisc.edu:
	Failed to transfer files: FILETRANSFER:1:non-zero exit (1) from /usr/libexec/condor/curl_plugin. |Error: Failure writing output to destination (with environment: http_proxy='http://squid-cs-2360.chtc.wisc.edu:3128', https_proxy='') ( URL file = file:///staging/jgillett/R_tidyverse_FITSio.sif )|
	Code 12 Subcode 256
...
004 (266385.017.000) 2025-04-26 00:31:41 Job was evicted.
	(0) CPU times
		Usr 0 00:00:00, Sys 0 00:00:00  -  Run Remote Usage
		Usr 0 00:00:00, Sys 0 00:00:00  -  Run Local Usage
	0  -  Run Bytes Sent By Job
	2863528  -  Run Bytes Received By Job
	Transfer input files failure at execution point slot1_17@e2013.chtc.wisc.edu using protocol file. Details: Failure writing output to destination (with environment: http_proxy='http://squid-cs-2360.chtc.wisc.edu:3128', https_proxy='') ( URL file = file:///staging/jgillett/R_tidyverse_FITSio.sif )|
	Partitionable Resources :    Usage  Request Allocated 
	   Cpus                 :                 1         1 
	   Disk (KB)            :   477251   512000    513234 
	   GPUs                 :                           0 
	   IoHeavy              :                           0 
	   Memory (MB)          :               512       512 
...
012 (266385.017.000) 2025-04-26 00:31:41 Job was held.
	Transfer input files failure at execution point slot1_17@e2013.chtc.wisc.edu using protocol file. Details: Failure writing output to destination (with environment: http_proxy='http://squid-cs-2360.chtc.wisc.edu:3128', https_proxy='') ( URL file = file:///staging/jgillett/R_tidyverse_FITSio.sif )|
	Code 13 Subcode 256
...
000 (266386.017.000) 2025-04-26 00:55:15 Job submitted from host: <128.104.100.148:9618?addrs=128.104.100.148-9618+[2607-f388-107c-501-216-3eff-feb2-bc11]-9618&alias=learn.chtc.wisc.edu&noUDP&sock=schedd_1351356_64bc>
...
040 (266386.017.000) 2025-04-26 00:56:14 Started transferring input files
	Transferring to host: <128.105.68.207:9618?addrs=128.105.68.207-9618&alias=e2294.chtc.wisc.edu&noUDP&sock=slot1_25_34356_a8ee_2911>
...
040 (266386.017.000) 2025-04-26 00:56:43 Finished transferring input files
...
001 (266386.017.000) 2025-04-26 00:56:43 Job executing on host: <128.105.68.207:9618?addrs=128.105.68.207-9618&alias=e2294.chtc.wisc.edu&noUDP&sock=startd_8034_3bf6>
	SlotName: slot1_25@e2294.chtc.wisc.edu
	CondorScratchDir = "/var/lib/condor/execute/slot1/dir_16846"
	Cpus = 1
	Disk = 1049600
	GPUs = 0
	IoHeavy = 0
	Memory = 1024
...
006 (266386.017.000) 2025-04-26 00:56:47 Image size of job updated: 108
	0  -  MemoryUsage of job (MB)
	0  -  ResidentSetSize of job (KB)
...
040 (266386.017.000) 2025-04-26 00:56:47 Started transferring output files
...
040 (266386.017.000) 2025-04-26 00:56:47 Finished transferring output files
...
005 (266386.017.000) 2025-04-26 00:56:47 Job terminated.
	(1) Normal termination (return value 0)
		Usr 0 00:00:01, Sys 0 00:00:00  -  Run Remote Usage
		Usr 0 00:00:00, Sys 0 00:00:00  -  Run Local Usage
		Usr 0 00:00:01, Sys 0 00:00:00  -  Total Remote Usage
		Usr 0 00:00:00, Sys 0 00:00:00  -  Total Local Usage
	1346  -  Run Bytes Sent By Job
	2863528  -  Run Bytes Received By Job
	1346  -  Total Bytes Sent By Job
	2863528  -  Total Bytes Received By Job
	Partitionable Resources :    Usage  Request Allocated 
	   Cpus                 :        0        1         1 
	   Disk (KB)            :   778952  1048576   1049600 
	   GPUs                 :                           0 
	   IoHeavy              :                           0 
	   Memory (MB)          :        0     1024      1024 
	   TimeExecute (s)      :        4                    
	   TimeSlotBusy (s)     :       33                    

	Job terminated of its own accord at 2025-04-26T05:56:47Z with exit-code 0.
...
009 (266384.017.000) 2025-04-26 02:35:51 Job was aborted.
	via condor_rm (by user twang682)
...
009 (266385.017.000) 2025-04-26 02:35:52 Job was aborted.
	via condor_rm (by user twang682)
...
