000 (266384.007.000) 2025-04-25 23:53:58 Job submitted from host: <128.104.100.148:9618?addrs=128.104.100.148-9618+[2607-f388-107c-501-216-3eff-feb2-bc11]-9618&alias=learn.chtc.wisc.edu&noUDP&sock=schedd_1351356_64bc>
...
040 (266384.007.000) 2025-04-25 23:54:25 Started transferring input files
	Transferring to host: <128.105.68.81:9618?addrs=128.105.68.81-9618&alias=e2411.chtc.wisc.edu&noUDP&sock=slot1_33_38381_a2f2_28249>
...
040 (266384.007.000) 2025-04-25 23:54:56 Finished transferring input files
...
040 (266384.007.000) 2025-04-25 23:54:57 Started transferring output files
...
021 (266384.007.000) 2025-04-25 23:54:57 Error from starter on slot1_33@e2411.chtc.wisc.edu:
	Failed to transfer files: SHADOW at 128.104.100.148 failed to send file(s) to <128.105.68.81:35192>: |Error: reading from file /home/twang682/project/extracted_torn_data/2003_tornado.csv: (errno 2) No such file or directory; STARTER failed to receive file(s) from <128.104.100.148:9618>
	Code 13 Subcode 2
...
004 (266384.007.000) 2025-04-25 23:54:57 Job was evicted.
	(0) CPU times
		Usr 0 00:00:00, Sys 0 00:00:00  -  Run Remote Usage
		Usr 0 00:00:00, Sys 0 00:00:00  -  Run Local Usage
	0  -  Run Bytes Sent By Job
	2676830  -  Run Bytes Received By Job
	Transfer input files failure at access point learn while sending files to execution point slot1_33@e2411.chtc.wisc.edu. Details: reading from file /home/twang682/project/extracted_torn_data/2003_tornado.csv: (errno 2) No such file or directory
	Partitionable Resources :    Usage  Request Allocated 
	   Cpus                 :                 1         1 
	   Disk (KB)            :   778759   512000    513024 
	   GPUs                 :                           0 
	   IoHeavy              :                           0 
	   Memory (MB)          :               512       512 
...
012 (266384.007.000) 2025-04-25 23:54:57 Job was held.
	Transfer input files failure at access point learn while sending files to execution point slot1_33@e2411.chtc.wisc.edu. Details: reading from file /home/twang682/project/extracted_torn_data/2003_tornado.csv: (errno 2) No such file or directory
	Code 13 Subcode 2
...
000 (266385.007.000) 2025-04-26 00:25:32 Job submitted from host: <128.104.100.148:9618?addrs=128.104.100.148-9618+[2607-f388-107c-501-216-3eff-feb2-bc11]-9618&alias=learn.chtc.wisc.edu&noUDP&sock=schedd_1351356_64bc>
...
040 (266385.007.000) 2025-04-26 00:27:19 Started transferring input files
	Transferring to host: <128.105.68.246:9618?addrs=128.105.68.246-9618&alias=e2333.chtc.wisc.edu&noUDP&sock=slot1_34_16513_a6f9_14973>
...
040 (266385.007.000) 2025-04-26 00:27:52 Finished transferring input files
...
001 (266385.007.000) 2025-04-26 00:27:52 Job executing on host: <128.105.68.246:9618?addrs=128.105.68.246-9618&alias=e2333.chtc.wisc.edu&noUDP&sock=startd_7788_7faa>
	SlotName: slot1_34@e2333.chtc.wisc.edu
	CondorScratchDir = "/var/lib/condor/execute/slot1/dir_8333"
	Cpus = 1
	Disk = 513024
	GPUs = 0
	IoHeavy = 0
	Memory = 512
...
006 (266385.007.000) 2025-04-26 00:27:57 Image size of job updated: 30
	0  -  MemoryUsage of job (MB)
	0  -  ResidentSetSize of job (KB)
...
040 (266385.007.000) 2025-04-26 00:27:57 Started transferring output files
...
040 (266385.007.000) 2025-04-26 00:27:57 Finished transferring output files
...
005 (266385.007.000) 2025-04-26 00:27:57 Job terminated.
	(1) Normal termination (return value 0)
		Usr 0 00:00:02, Sys 0 00:00:00  -  Run Remote Usage
		Usr 0 00:00:00, Sys 0 00:00:00  -  Run Local Usage
		Usr 0 00:00:02, Sys 0 00:00:00  -  Total Remote Usage
		Usr 0 00:00:00, Sys 0 00:00:00  -  Total Local Usage
	1253  -  Run Bytes Sent By Job
	2834356  -  Run Bytes Received By Job
	1253  -  Total Bytes Sent By Job
	2834356  -  Total Bytes Received By Job
	Partitionable Resources :    Usage  Request Allocated 
	   Cpus                 :        0        1         1 
	   Disk (KB)            :   778923   512000    513024 
	   GPUs                 :                           0 
	   IoHeavy              :                           0 
	   Memory (MB)          :        0      512       512 
	   TimeExecute (s)      :        5                    
	   TimeSlotBusy (s)     :       38                    

	Job terminated of its own accord at 2025-04-26T05:27:57Z with exit-code 0.
...
000 (266386.007.000) 2025-04-26 00:55:15 Job submitted from host: <128.104.100.148:9618?addrs=128.104.100.148-9618+[2607-f388-107c-501-216-3eff-feb2-bc11]-9618&alias=learn.chtc.wisc.edu&noUDP&sock=schedd_1351356_64bc>
...
040 (266386.007.000) 2025-04-26 00:56:13 Started transferring input files
	Transferring to host: <128.105.68.81:9618?addrs=128.105.68.81-9618&alias=e2411.chtc.wisc.edu&noUDP&sock=slot1_33_38381_a2f2_28371>
...
040 (266386.007.000) 2025-04-26 00:56:26 Finished transferring input files
...
001 (266386.007.000) 2025-04-26 00:56:26 Job executing on host: <128.105.68.81:9618?addrs=128.105.68.81-9618&alias=e2411.chtc.wisc.edu&noUDP&sock=startd_7868_5f3e>
	SlotName: slot1_33@e2411.chtc.wisc.edu
	CondorScratchDir = "/var/lib/condor/execute/slot1/dir_14286"
	Cpus = 1
	Disk = 1049600
	GPUs = 0
	IoHeavy = 0
	Memory = 1024
...
006 (266386.007.000) 2025-04-26 00:56:31 Image size of job updated: 148
	0  -  MemoryUsage of job (MB)
	0  -  ResidentSetSize of job (KB)
...
040 (266386.007.000) 2025-04-26 00:56:31 Started transferring output files
...
040 (266386.007.000) 2025-04-26 00:56:31 Finished transferring output files
...
005 (266386.007.000) 2025-04-26 00:56:31 Job terminated.
	(1) Normal termination (return value 0)
		Usr 0 00:00:02, Sys 0 00:00:00  -  Run Remote Usage
		Usr 0 00:00:00, Sys 0 00:00:00  -  Run Local Usage
		Usr 0 00:00:02, Sys 0 00:00:00  -  Total Remote Usage
		Usr 0 00:00:00, Sys 0 00:00:00  -  Total Local Usage
	1253  -  Run Bytes Sent By Job
	2834356  -  Run Bytes Received By Job
	1253  -  Total Bytes Sent By Job
	2834356  -  Total Bytes Received By Job
	Partitionable Resources :    Usage  Request Allocated 
	   Cpus                 :        0        1         1 
	   Disk (KB)            :   778923  1048576   1049600 
	   GPUs                 :                           0 
	   IoHeavy              :                           0 
	   Memory (MB)          :        0     1024      1024 
	   TimeExecute (s)      :        5                    
	   TimeSlotBusy (s)     :       18                    

	Job terminated of its own accord at 2025-04-26T05:56:31Z with exit-code 0.
...
009 (266384.007.000) 2025-04-26 02:35:50 Job was aborted.
	via condor_rm (by user twang682)
...
