000 (266384.021.000) 2025-04-25 23:53:58 Job submitted from host: <128.104.100.148:9618?addrs=128.104.100.148-9618+[2607-f388-107c-501-216-3eff-feb2-bc11]-9618&alias=learn.chtc.wisc.edu&noUDP&sock=schedd_1351356_64bc>
...
040 (266384.021.000) 2025-04-25 23:54:27 Started transferring input files
	Transferring to host: <128.105.68.216:9618?addrs=128.105.68.216-9618&alias=e303.chtc.wisc.edu&noUDP&sock=slot1_37_33919_c0fc_23292>
...
040 (266384.021.000) 2025-04-25 23:54:54 Finished transferring input files
...
040 (266384.021.000) 2025-04-25 23:54:55 Started transferring output files
...
021 (266384.021.000) 2025-04-25 23:54:55 Error from starter on slot1_37@e303.chtc.wisc.edu:
	Failed to transfer files: SHADOW at 128.104.100.148 failed to send file(s) to <128.105.68.216:39636>: |Error: reading from file /home/twang682/project/extracted_torn_data/2017_tornado.csv: (errno 2) No such file or directory; STARTER failed to receive file(s) from <128.104.100.148:9618>
	Code 13 Subcode 2
...
004 (266384.021.000) 2025-04-25 23:54:55 Job was evicted.
	(0) CPU times
		Usr 0 00:00:00, Sys 0 00:00:00  -  Run Remote Usage
		Usr 0 00:00:00, Sys 0 00:00:00  -  Run Local Usage
	0  -  Run Bytes Sent By Job
	3123500  -  Run Bytes Received By Job
	Transfer input files failure at access point learn while sending files to execution point slot1_37@e303.chtc.wisc.edu. Details: reading from file /home/twang682/project/extracted_torn_data/2017_tornado.csv: (errno 2) No such file or directory
	Partitionable Resources :    Usage  Request Allocated 
	   Cpus                 :        0        1         1 
	   Disk (KB)            :   779205   512000    513024 
	   GPUs                 :                           0 
	   IoHeavy              :                           0 
	   Memory (MB)          :               512       512 
...
012 (266384.021.000) 2025-04-25 23:54:55 Job was held.
	Transfer input files failure at access point learn while sending files to execution point slot1_37@e303.chtc.wisc.edu. Details: reading from file /home/twang682/project/extracted_torn_data/2017_tornado.csv: (errno 2) No such file or directory
	Code 13 Subcode 2
...
000 (266385.021.000) 2025-04-26 00:25:32 Job submitted from host: <128.104.100.148:9618?addrs=128.104.100.148-9618+[2607-f388-107c-501-216-3eff-feb2-bc11]-9618&alias=learn.chtc.wisc.edu&noUDP&sock=schedd_1351356_64bc>
...
040 (266385.021.000) 2025-04-26 00:27:21 Started transferring input files
	Transferring to host: <128.105.68.207:9618?addrs=128.105.68.207-9618&alias=e2294.chtc.wisc.edu&noUDP&sock=slot1_25_34356_a8ee_2852>
...
040 (266385.021.000) 2025-04-26 00:27:31 Finished transferring input files
...
001 (266385.021.000) 2025-04-26 00:27:31 Job executing on host: <128.105.68.207:9618?addrs=128.105.68.207-9618&alias=e2294.chtc.wisc.edu&noUDP&sock=startd_8034_3bf6>
	SlotName: slot1_25@e2294.chtc.wisc.edu
	CondorScratchDir = "/var/lib/condor/execute/slot1/dir_19676"
	Cpus = 1
	Disk = 513024
	GPUs = 0
	IoHeavy = 0
	Memory = 512
...
006 (266385.021.000) 2025-04-26 00:27:34 Image size of job updated: 108
	0  -  MemoryUsage of job (MB)
	0  -  ResidentSetSize of job (KB)
...
040 (266385.021.000) 2025-04-26 00:27:34 Started transferring output files
...
040 (266385.021.000) 2025-04-26 00:27:34 Finished transferring output files
...
005 (266385.021.000) 2025-04-26 00:27:34 Job terminated.
	(1) Normal termination (return value 0)
		Usr 0 00:00:01, Sys 0 00:00:00  -  Run Remote Usage
		Usr 0 00:00:00, Sys 0 00:00:00  -  Run Local Usage
		Usr 0 00:00:01, Sys 0 00:00:00  -  Total Remote Usage
		Usr 0 00:00:00, Sys 0 00:00:00  -  Total Local Usage
	1425  -  Run Bytes Sent By Job
	3305253  -  Run Bytes Received By Job
	1425  -  Total Bytes Sent By Job
	3305253  -  Total Bytes Received By Job
	Partitionable Resources :    Usage  Request Allocated 
	   Cpus                 :        0        1         1 
	   Disk (KB)            :   779383   512000    513024 
	   GPUs                 :                           0 
	   IoHeavy              :                           0 
	   Memory (MB)          :        0      512       512 
	   TimeExecute (s)      :        3                    
	   TimeSlotBusy (s)     :       13                    

	Job terminated of its own accord at 2025-04-26T05:27:34Z with exit-code 0.
...
000 (266386.021.000) 2025-04-26 00:55:15 Job submitted from host: <128.104.100.148:9618?addrs=128.104.100.148-9618+[2607-f388-107c-501-216-3eff-feb2-bc11]-9618&alias=learn.chtc.wisc.edu&noUDP&sock=schedd_1351356_64bc>
...
040 (266386.021.000) 2025-04-26 00:56:16 Started transferring input files
	Transferring to host: <128.105.68.207:9618?addrs=128.105.68.207-9618&alias=e2294.chtc.wisc.edu&noUDP&sock=slot1_26_34356_a8ee_2912>
...
040 (266386.021.000) 2025-04-26 00:56:44 Finished transferring input files
...
001 (266386.021.000) 2025-04-26 00:56:44 Job executing on host: <128.105.68.207:9618?addrs=128.105.68.207-9618&alias=e2294.chtc.wisc.edu&noUDP&sock=startd_8034_3bf6>
	SlotName: slot1_26@e2294.chtc.wisc.edu
	CondorScratchDir = "/var/lib/condor/execute/slot1/dir_16894"
	Cpus = 1
	Disk = 1049600
	GPUs = 0
	IoHeavy = 0
	Memory = 1024
...
006 (266386.021.000) 2025-04-26 00:56:47 Image size of job updated: 108
	0  -  MemoryUsage of job (MB)
	0  -  ResidentSetSize of job (KB)
...
040 (266386.021.000) 2025-04-26 00:56:47 Started transferring output files
...
040 (266386.021.000) 2025-04-26 00:56:47 Finished transferring output files
...
005 (266386.021.000) 2025-04-26 00:56:47 Job terminated.
	(1) Normal termination (return value 0)
		Usr 0 00:00:01, Sys 0 00:00:00  -  Run Remote Usage
		Usr 0 00:00:00, Sys 0 00:00:00  -  Run Local Usage
		Usr 0 00:00:01, Sys 0 00:00:00  -  Total Remote Usage
		Usr 0 00:00:00, Sys 0 00:00:00  -  Total Local Usage
	1425  -  Run Bytes Sent By Job
	3305253  -  Run Bytes Received By Job
	1425  -  Total Bytes Sent By Job
	3305253  -  Total Bytes Received By Job
	Partitionable Resources :    Usage  Request Allocated 
	   Cpus                 :        0        1         1 
	   Disk (KB)            :   779383  1048576   1049600 
	   GPUs                 :                           0 
	   IoHeavy              :                           0 
	   Memory (MB)          :        0     1024      1024 
	   TimeExecute (s)      :        3                    
	   TimeSlotBusy (s)     :       31                    

	Job terminated of its own accord at 2025-04-26T05:56:47Z with exit-code 0.
...
009 (266384.021.000) 2025-04-26 02:35:51 Job was aborted.
	via condor_rm (by user twang682)
...
