000 (266384.010.000) 2025-04-25 23:53:58 Job submitted from host: <128.104.100.148:9618?addrs=128.104.100.148-9618+[2607-f388-107c-501-216-3eff-feb2-bc11]-9618&alias=learn.chtc.wisc.edu&noUDP&sock=schedd_1351356_64bc>
...
040 (266384.010.000) 2025-04-25 23:54:26 Started transferring input files
	Transferring to host: <128.105.69.31:9618?addrs=128.105.69.31-9618&alias=e2353.chtc.wisc.edu&noUDP&sock=slot1_35_5081_c628_26176>
...
040 (266384.010.000) 2025-04-25 23:54:37 Finished transferring input files
...
040 (266384.010.000) 2025-04-25 23:54:38 Started transferring output files
...
021 (266384.010.000) 2025-04-25 23:54:38 Error from starter on slot1_35@e2353.chtc.wisc.edu:
	Failed to transfer files: SHADOW at 128.104.100.148 failed to send file(s) to <128.105.69.31:33169>: |Error: reading from file /home/twang682/project/extracted_torn_data/2006_tornado.csv: (errno 2) No such file or directory; STARTER failed to receive file(s) from <128.104.100.148:9618>
	Code 13 Subcode 2
...
004 (266384.010.000) 2025-04-25 23:54:39 Job was evicted.
	(0) CPU times
		Usr 0 00:00:00, Sys 0 00:00:00  -  Run Remote Usage
		Usr 0 00:00:00, Sys 0 00:00:00  -  Run Local Usage
	0  -  Run Bytes Sent By Job
	3176953  -  Run Bytes Received By Job
	Transfer input files failure at access point learn while sending files to execution point slot1_35@e2353.chtc.wisc.edu. Details: reading from file /home/twang682/project/extracted_torn_data/2006_tornado.csv: (errno 2) No such file or directory
	Partitionable Resources :    Usage  Request Allocated 
	   Cpus                 :        0        1         1 
	   Disk (KB)            :   779257   512000    513024 
	   GPUs                 :                           0 
	   IoHeavy              :                           0 
	   Memory (MB)          :               512       512 
...
012 (266384.010.000) 2025-04-25 23:54:39 Job was held.
	Transfer input files failure at access point learn while sending files to execution point slot1_35@e2353.chtc.wisc.edu. Details: reading from file /home/twang682/project/extracted_torn_data/2006_tornado.csv: (errno 2) No such file or directory
	Code 13 Subcode 2
...
000 (266385.010.000) 2025-04-26 00:25:32 Job submitted from host: <128.104.100.148:9618?addrs=128.104.100.148-9618+[2607-f388-107c-501-216-3eff-feb2-bc11]-9618&alias=learn.chtc.wisc.edu&noUDP&sock=schedd_1351356_64bc>
...
040 (266385.010.000) 2025-04-26 00:27:20 Started transferring input files
	Transferring to host: <128.105.68.228:9618?addrs=128.105.68.228-9618&alias=e2315.chtc.wisc.edu&noUDP&sock=slot1_15_25280_cbfd_19048>
...
040 (266385.010.000) 2025-04-26 00:27:40 Finished transferring input files
...
001 (266385.010.000) 2025-04-26 00:27:41 Job executing on host: <128.105.68.228:9618?addrs=128.105.68.228-9618&alias=e2315.chtc.wisc.edu&noUDP&sock=startd_7869_0ed6>
	SlotName: slot1_15@e2315.chtc.wisc.edu
	CondorScratchDir = "/var/lib/condor/execute/slot1/dir_8066"
	Cpus = 1
	Disk = 513024
	GPUs = 0
	IoHeavy = 0
	Memory = 512
...
006 (266385.010.000) 2025-04-26 00:27:45 Image size of job updated: 144
	0  -  MemoryUsage of job (MB)
	0  -  ResidentSetSize of job (KB)
...
040 (266385.010.000) 2025-04-26 00:27:45 Started transferring output files
...
040 (266385.010.000) 2025-04-26 00:27:45 Finished transferring output files
...
005 (266385.010.000) 2025-04-26 00:27:45 Job terminated.
	(1) Normal termination (return value 0)
		Usr 0 00:00:02, Sys 0 00:00:00  -  Run Remote Usage
		Usr 0 00:00:00, Sys 0 00:00:00  -  Run Local Usage
		Usr 0 00:00:02, Sys 0 00:00:00  -  Total Remote Usage
		Usr 0 00:00:00, Sys 0 00:00:00  -  Total Local Usage
	1305  -  Run Bytes Sent By Job
	3304316  -  Run Bytes Received By Job
	1305  -  Total Bytes Sent By Job
	3304316  -  Total Bytes Received By Job
	Partitionable Resources :    Usage  Request Allocated 
	   Cpus                 :        0        1         1 
	   Disk (KB)            :   779382   512000    513024 
	   GPUs                 :                           0 
	   IoHeavy              :                           0 
	   Memory (MB)          :        0      512       512 
	   TimeExecute (s)      :        5                    
	   TimeSlotBusy (s)     :       26                    

	Job terminated of its own accord at 2025-04-26T05:27:45Z with exit-code 0.
...
000 (266386.010.000) 2025-04-26 00:55:15 Job submitted from host: <128.104.100.148:9618?addrs=128.104.100.148-9618+[2607-f388-107c-501-216-3eff-feb2-bc11]-9618&alias=learn.chtc.wisc.edu&noUDP&sock=schedd_1351356_64bc>
...
040 (266386.010.000) 2025-04-26 00:56:14 Started transferring input files
	Transferring to host: <128.105.69.20:9618?addrs=128.105.69.20-9618&alias=e342.chtc.wisc.edu&noUDP&sock=slot1_27_10107_0bb4_17231>
...
040 (266386.010.000) 2025-04-26 00:56:36 Finished transferring input files
...
001 (266386.010.000) 2025-04-26 00:56:36 Job executing on host: <128.105.69.20:9618?addrs=128.105.69.20-9618&alias=e342.chtc.wisc.edu&noUDP&sock=startd_7581_838f>
	SlotName: slot1_27@e342.chtc.wisc.edu
	CondorScratchDir = "/var/lib/condor/execute/slot1/dir_34367"
	Cpus = 1
	Disk = 1049600
	GPUs = 0
	IoHeavy = 0
	Memory = 1024
...
006 (266386.010.000) 2025-04-26 00:56:44 Image size of job updated: 118684
	0  -  MemoryUsage of job (MB)
	0  -  ResidentSetSize of job (KB)
...
040 (266386.010.000) 2025-04-26 00:56:44 Started transferring output files
...
040 (266386.010.000) 2025-04-26 00:56:44 Finished transferring output files
...
005 (266386.010.000) 2025-04-26 00:56:44 Job terminated.
	(1) Normal termination (return value 0)
		Usr 0 00:00:02, Sys 0 00:00:00  -  Run Remote Usage
		Usr 0 00:00:00, Sys 0 00:00:00  -  Run Local Usage
		Usr 0 00:00:02, Sys 0 00:00:00  -  Total Remote Usage
		Usr 0 00:00:00, Sys 0 00:00:00  -  Total Local Usage
	1305  -  Run Bytes Sent By Job
	3304316  -  Run Bytes Received By Job
	1305  -  Total Bytes Sent By Job
	3304316  -  Total Bytes Received By Job
	Partitionable Resources :    Usage  Request Allocated 
	   Cpus                 :        0        1         1 
	   Disk (KB)            :   779382  1048576   1049600 
	   GPUs                 :                           0 
	   IoHeavy              :                           0 
	   Memory (MB)          :        0     1024      1024 
	   TimeExecute (s)      :        8                    
	   TimeSlotBusy (s)     :       30                    

	Job terminated of its own accord at 2025-04-26T05:56:44Z with exit-code 0.
...
009 (266384.010.000) 2025-04-26 02:35:51 Job was aborted.
	via condor_rm (by user twang682)
...
