000 (266384.002.000) 2025-04-25 23:53:58 Job submitted from host: <128.104.100.148:9618?addrs=128.104.100.148-9618+[2607-f388-107c-501-216-3eff-feb2-bc11]-9618&alias=learn.chtc.wisc.edu&noUDP&sock=schedd_1351356_64bc>
...
040 (266384.002.000) 2025-04-25 23:54:26 Started transferring input files
	Transferring to host: <128.105.68.216:9618?addrs=128.105.68.216-9618&alias=e303.chtc.wisc.edu&noUDP&sock=slot1_20_33919_c0fc_23291>
...
040 (266384.002.000) 2025-04-25 23:54:52 Finished transferring input files
...
040 (266384.002.000) 2025-04-25 23:54:53 Started transferring output files
...
021 (266384.002.000) 2025-04-25 23:54:53 Error from starter on slot1_20@e303.chtc.wisc.edu:
	Failed to transfer files: SHADOW at 128.104.100.148 failed to send file(s) to <128.105.68.216:40503>: |Error: reading from file /home/twang682/project/extracted_torn_data/1998_tornado.csv: (errno 2) No such file or directory; STARTER failed to receive file(s) from <128.104.100.148:9618>
	Code 13 Subcode 2
...
004 (266384.002.000) 2025-04-25 23:54:53 Job was evicted.
	(0) CPU times
		Usr 0 00:00:00, Sys 0 00:00:00  -  Run Remote Usage
		Usr 0 00:00:00, Sys 0 00:00:00  -  Run Local Usage
	0  -  Run Bytes Sent By Job
	2368610  -  Run Bytes Received By Job
	Transfer input files failure at access point learn while sending files to execution point slot1_20@e303.chtc.wisc.edu. Details: reading from file /home/twang682/project/extracted_torn_data/1998_tornado.csv: (errno 2) No such file or directory
	Partitionable Resources :    Usage  Request Allocated 
	   Cpus                 :        0        1         1 
	   Disk (KB)            :   778467   512000    513024 
	   GPUs                 :                           0 
	   IoHeavy              :                           0 
	   Memory (MB)          :               512       512 
...
012 (266384.002.000) 2025-04-25 23:54:54 Job was held.
	Transfer input files failure at access point learn while sending files to execution point slot1_20@e303.chtc.wisc.edu. Details: reading from file /home/twang682/project/extracted_torn_data/1998_tornado.csv: (errno 2) No such file or directory
	Code 13 Subcode 2
...
000 (266385.002.000) 2025-04-26 00:25:32 Job submitted from host: <128.104.100.148:9618?addrs=128.104.100.148-9618+[2607-f388-107c-501-216-3eff-feb2-bc11]-9618&alias=learn.chtc.wisc.edu&noUDP&sock=schedd_1351356_64bc>
...
040 (266385.002.000) 2025-04-26 00:27:18 Started transferring input files
	Transferring to host: <128.105.69.68:9618?addrs=128.105.69.68-9618&alias=e2397.chtc.wisc.edu&noUDP&sock=slot1_8_2381_613a_18452>
...
040 (266385.002.000) 2025-04-26 00:27:42 Finished transferring input files
...
001 (266385.002.000) 2025-04-26 00:27:42 Job executing on host: <128.105.69.68:9618?addrs=128.105.69.68-9618&alias=e2397.chtc.wisc.edu&noUDP&sock=startd_8446_d4fb>
	SlotName: slot1_8@e2397.chtc.wisc.edu
	CondorScratchDir = "/var/lib/condor/execute/slot1/dir_15392"
	Cpus = 1
	Disk = 513024
	GPUs = 0
	IoHeavy = 0
	Memory = 512
...
006 (266385.002.000) 2025-04-26 00:27:49 Image size of job updated: 108
	0  -  MemoryUsage of job (MB)
	0  -  ResidentSetSize of job (KB)
...
040 (266385.002.000) 2025-04-26 00:27:49 Started transferring output files
...
040 (266385.002.000) 2025-04-26 00:27:49 Finished transferring output files
...
005 (266385.002.000) 2025-04-26 00:27:49 Job terminated.
	(1) Normal termination (return value 0)
		Usr 0 00:00:02, Sys 0 00:00:00  -  Run Remote Usage
		Usr 0 00:00:00, Sys 0 00:00:00  -  Run Local Usage
		Usr 0 00:00:02, Sys 0 00:00:00  -  Total Remote Usage
		Usr 0 00:00:00, Sys 0 00:00:00  -  Total Local Usage
	1309  -  Run Bytes Sent By Job
	2529234  -  Run Bytes Received By Job
	1309  -  Total Bytes Sent By Job
	2529234  -  Total Bytes Received By Job
	Partitionable Resources :    Usage  Request Allocated 
	   Cpus                 :        0        1         1 
	   Disk (KB)            :   778625   512000    513024 
	   GPUs                 :                           0 
	   IoHeavy              :                           0 
	   Memory (MB)          :        0      512       512 
	   TimeExecute (s)      :        7                    
	   TimeSlotBusy (s)     :       31                    

	Job terminated of its own accord at 2025-04-26T05:27:49Z with exit-code 0.
...
000 (266386.002.000) 2025-04-26 00:55:15 Job submitted from host: <128.104.100.148:9618?addrs=128.104.100.148-9618+[2607-f388-107c-501-216-3eff-feb2-bc11]-9618&alias=learn.chtc.wisc.edu&noUDP&sock=schedd_1351356_64bc>
...
040 (266386.002.000) 2025-04-26 00:56:13 Started transferring input files
	Transferring to host: <128.105.68.157:9618?addrs=128.105.68.157-9618+[2607-f388-2200-100-b226-28ff-fe50-2c68]-9618&alias=e2016.chtc.wisc.edu&noUDP&sock=slot1_22_2290744_20d9_11323>
...
040 (266386.002.000) 2025-04-26 00:56:25 Finished transferring input files
...
001 (266386.002.000) 2025-04-26 00:56:25 Job executing on host: <128.105.68.157:9618?addrs=128.105.68.157-9618+[2607-f388-2200-100-b226-28ff-fe50-2c68]-9618&alias=e2016.chtc.wisc.edu&noUDP&sock=startd_9715_42aa>
	SlotName: slot1_22@e2016.chtc.wisc.edu
	CondorScratchDir = "/var/lib/condor/execute/slot1/dir_228198"
	Cpus = 1
	Disk = 1049810
	GPUs = 0
	IoHeavy = 0
	Memory = 1024
...
006 (266386.002.000) 2025-04-26 00:56:30 Image size of job updated: 600
	0  -  MemoryUsage of job (MB)
	0  -  ResidentSetSize of job (KB)
...
040 (266386.002.000) 2025-04-26 00:56:30 Started transferring output files
...
040 (266386.002.000) 2025-04-26 00:56:30 Finished transferring output files
...
005 (266386.002.000) 2025-04-26 00:56:30 Job terminated.
	(1) Normal termination (return value 0)
		Usr 0 00:00:02, Sys 0 00:00:00  -  Run Remote Usage
		Usr 0 00:00:00, Sys 0 00:00:00  -  Run Local Usage
		Usr 0 00:00:02, Sys 0 00:00:00  -  Total Remote Usage
		Usr 0 00:00:00, Sys 0 00:00:00  -  Total Local Usage
	1309  -  Run Bytes Sent By Job
	2529234  -  Run Bytes Received By Job
	1309  -  Total Bytes Sent By Job
	2529234  -  Total Bytes Received By Job
	Partitionable Resources :    Usage  Request Allocated 
	   Cpus                 :                 1         1 
	   Disk (KB)            :   778676  1048576   1049810 
	   GPUs                 :                           0 
	   IoHeavy              :                           0 
	   Memory (MB)          :        0     1024      1024 
	   TimeExecute (s)      :        5                    
	   TimeSlotBusy (s)     :       17                    

	Job terminated of its own accord at 2025-04-26T05:56:30Z with exit-code 0.
...
009 (266384.002.000) 2025-04-26 02:35:49 Job was aborted.
	via condor_rm (by user twang682)
...
