000 (266384.003.000) 2025-04-25 23:53:58 Job submitted from host: <128.104.100.148:9618?addrs=128.104.100.148-9618+[2607-f388-107c-501-216-3eff-feb2-bc11]-9618&alias=learn.chtc.wisc.edu&noUDP&sock=schedd_1351356_64bc>
...
040 (266384.003.000) 2025-04-25 23:54:23 Started transferring input files
	Transferring to host: <128.105.68.228:9618?addrs=128.105.68.228-9618&alias=e2315.chtc.wisc.edu&noUDP&sock=slot1_9_25280_cbfd_18988>
...
040 (266384.003.000) 2025-04-25 23:54:50 Finished transferring input files
...
040 (266384.003.000) 2025-04-25 23:54:51 Started transferring output files
...
021 (266384.003.000) 2025-04-25 23:54:51 Error from starter on slot1_9@e2315.chtc.wisc.edu:
	Failed to transfer files: SHADOW at 128.104.100.148 failed to send file(s) to <128.105.68.228:39739>: |Error: reading from file /home/twang682/project/extracted_torn_data/1999_tornado.csv: (errno 2) No such file or directory; STARTER failed to receive file(s) from <128.104.100.148:9618>
	Code 13 Subcode 2
...
004 (266384.003.000) 2025-04-25 23:54:51 Job was evicted.
	(0) CPU times
		Usr 0 00:00:00, Sys 0 00:00:00  -  Run Remote Usage
		Usr 0 00:00:00, Sys 0 00:00:00  -  Run Local Usage
	0  -  Run Bytes Sent By Job
	2121613  -  Run Bytes Received By Job
	Transfer input files failure at access point learn while sending files to execution point slot1_9@e2315.chtc.wisc.edu. Details: reading from file /home/twang682/project/extracted_torn_data/1999_tornado.csv: (errno 2) No such file or directory
	Partitionable Resources :    Usage  Request Allocated 
	   Cpus                 :        0        1         1 
	   Disk (KB)            :   778226   512000    513024 
	   GPUs                 :                           0 
	   IoHeavy              :                           0 
	   Memory (MB)          :               512       512 
...
012 (266384.003.000) 2025-04-25 23:54:51 Job was held.
	Transfer input files failure at access point learn while sending files to execution point slot1_9@e2315.chtc.wisc.edu. Details: reading from file /home/twang682/project/extracted_torn_data/1999_tornado.csv: (errno 2) No such file or directory
	Code 13 Subcode 2
...
000 (266385.003.000) 2025-04-26 00:25:32 Job submitted from host: <128.104.100.148:9618?addrs=128.104.100.148-9618+[2607-f388-107c-501-216-3eff-feb2-bc11]-9618&alias=learn.chtc.wisc.edu&noUDP&sock=schedd_1351356_64bc>
...
040 (266385.003.000) 2025-04-26 00:27:18 Started transferring input files
	Transferring to host: <128.105.68.216:9618?addrs=128.105.68.216-9618&alias=e303.chtc.wisc.edu&noUDP&sock=slot1_37_33919_c0fc_23354>
...
040 (266385.003.000) 2025-04-26 00:27:45 Finished transferring input files
...
001 (266385.003.000) 2025-04-26 00:27:45 Job executing on host: <128.105.68.216:9618?addrs=128.105.68.216-9618&alias=e303.chtc.wisc.edu&noUDP&sock=startd_8141_a099>
	SlotName: slot1_37@e303.chtc.wisc.edu
	CondorScratchDir = "/var/lib/condor/execute/slot1/dir_3413"
	Cpus = 1
	Disk = 513024
	GPUs = 0
	IoHeavy = 0
	Memory = 512
...
006 (266385.003.000) 2025-04-26 00:27:53 Image size of job updated: 106740
	0  -  MemoryUsage of job (MB)
	0  -  ResidentSetSize of job (KB)
...
040 (266385.003.000) 2025-04-26 00:27:53 Started transferring output files
...
040 (266385.003.000) 2025-04-26 00:27:53 Finished transferring output files
...
005 (266385.003.000) 2025-04-26 00:27:53 Job terminated.
	(1) Normal termination (return value 0)
		Usr 0 00:00:02, Sys 0 00:00:00  -  Run Remote Usage
		Usr 0 00:00:00, Sys 0 00:00:00  -  Run Local Usage
		Usr 0 00:00:02, Sys 0 00:00:00  -  Total Remote Usage
		Usr 0 00:00:00, Sys 0 00:00:00  -  Total Local Usage
	1305  -  Run Bytes Sent By Job
	2273147  -  Run Bytes Received By Job
	1305  -  Total Bytes Sent By Job
	2273147  -  Total Bytes Received By Job
	Partitionable Resources :    Usage  Request Allocated 
	   Cpus                 :        0        1         1 
	   Disk (KB)            :   778375   512000    513024 
	   GPUs                 :                           0 
	   IoHeavy              :                           0 
	   Memory (MB)          :        0      512       512 
	   TimeExecute (s)      :        8                    
	   TimeSlotBusy (s)     :       35                    

	Job terminated of its own accord at 2025-04-26T05:27:53Z with exit-code 0.
...
000 (266386.003.000) 2025-04-26 00:55:15 Job submitted from host: <128.104.100.148:9618?addrs=128.104.100.148-9618+[2607-f388-107c-501-216-3eff-feb2-bc11]-9618&alias=learn.chtc.wisc.edu&noUDP&sock=schedd_1351356_64bc>
...
040 (266386.003.000) 2025-04-26 00:56:13 Started transferring input files
	Transferring to host: <128.105.68.155:9618?addrs=128.105.68.155-9618+[2607-f388-2200-100-b226-28ff-fe50-5c14]-9618&alias=e2014.chtc.wisc.edu&noUDP&sock=slot1_33_2773577_a7ec_17382>
...
040 (266386.003.000) 2025-04-26 00:56:20 Finished transferring input files
...
001 (266386.003.000) 2025-04-26 00:56:20 Job executing on host: <128.105.68.155:9618?addrs=128.105.68.155-9618+[2607-f388-2200-100-b226-28ff-fe50-5c14]-9618&alias=e2014.chtc.wisc.edu&noUDP&sock=startd_9609_8da0>
	SlotName: slot1_33@e2014.chtc.wisc.edu
	CondorScratchDir = "/var/lib/condor/execute/slot1/dir_2843181"
	Cpus = 1
	Disk = 1049810
	GPUs = 0
	IoHeavy = 0
	Memory = 1024
...
006 (266386.003.000) 2025-04-26 00:56:25 Image size of job updated: 104
	0  -  MemoryUsage of job (MB)
	0  -  ResidentSetSize of job (KB)
...
040 (266386.003.000) 2025-04-26 00:56:25 Started transferring output files
...
040 (266386.003.000) 2025-04-26 00:56:25 Finished transferring output files
...
005 (266386.003.000) 2025-04-26 00:56:25 Job terminated.
	(1) Normal termination (return value 0)
		Usr 0 00:00:02, Sys 0 00:00:00  -  Run Remote Usage
		Usr 0 00:00:00, Sys 0 00:00:00  -  Run Local Usage
		Usr 0 00:00:02, Sys 0 00:00:00  -  Total Remote Usage
		Usr 0 00:00:00, Sys 0 00:00:00  -  Total Local Usage
	1305  -  Run Bytes Sent By Job
	2273147  -  Run Bytes Received By Job
	1305  -  Total Bytes Sent By Job
	2273147  -  Total Bytes Received By Job
	Partitionable Resources :    Usage  Request Allocated 
	   Cpus                 :                 1         1 
	   Disk (KB)            :   778424  1048576   1049810 
	   GPUs                 :                           0 
	   IoHeavy              :                           0 
	   Memory (MB)          :        0     1024      1024 
	   TimeExecute (s)      :        5                    
	   TimeSlotBusy (s)     :       12                    

	Job terminated of its own accord at 2025-04-26T05:56:25Z with exit-code 0.
...
009 (266384.003.000) 2025-04-26 02:35:50 Job was aborted.
	via condor_rm (by user twang682)
...
