000 (266384.027.000) 2025-04-25 23:53:58 Job submitted from host: <128.104.100.148:9618?addrs=128.104.100.148-9618+[2607-f388-107c-501-216-3eff-feb2-bc11]-9618&alias=learn.chtc.wisc.edu&noUDP&sock=schedd_1351356_64bc>
...
040 (266384.027.000) 2025-04-25 23:54:27 Started transferring input files
	Transferring to host: <128.105.68.207:9618?addrs=128.105.68.207-9618&alias=e2294.chtc.wisc.edu&noUDP&sock=slot1_27_34356_a8ee_2793>
...
040 (266384.027.000) 2025-04-25 23:55:05 Finished transferring input files
...
040 (266384.027.000) 2025-04-25 23:55:06 Started transferring output files
...
021 (266384.027.000) 2025-04-25 23:55:06 Error from starter on slot1_27@e2294.chtc.wisc.edu:
	Failed to transfer files: SHADOW at 128.104.100.148 failed to send file(s) to <128.105.68.207:35133>: |Error: reading from file /home/twang682/project/extracted_torn_data/2023_tornado.csv: (errno 2) No such file or directory; STARTER failed to receive file(s) from <128.104.100.148:9618>
	Code 13 Subcode 2
...
004 (266384.027.000) 2025-04-25 23:55:06 Job was evicted.
	(0) CPU times
		Usr 0 00:00:00, Sys 0 00:00:00  -  Run Remote Usage
		Usr 0 00:00:00, Sys 0 00:00:00  -  Run Local Usage
	0  -  Run Bytes Sent By Job
	3818867  -  Run Bytes Received By Job
	Transfer input files failure at access point learn while sending files to execution point slot1_27@e2294.chtc.wisc.edu. Details: reading from file /home/twang682/project/extracted_torn_data/2023_tornado.csv: (errno 2) No such file or directory
	Partitionable Resources :    Usage  Request Allocated 
	   Cpus                 :        0        1         1 
	   Disk (KB)            :   779883   512000    513024 
	   GPUs                 :                           0 
	   IoHeavy              :                           0 
	   Memory (MB)          :               512       512 
...
012 (266384.027.000) 2025-04-25 23:55:06 Job was held.
	Transfer input files failure at access point learn while sending files to execution point slot1_27@e2294.chtc.wisc.edu. Details: reading from file /home/twang682/project/extracted_torn_data/2023_tornado.csv: (errno 2) No such file or directory
	Code 13 Subcode 2
...
000 (266385.027.000) 2025-04-26 00:25:32 Job submitted from host: <128.104.100.148:9618?addrs=128.104.100.148-9618+[2607-f388-107c-501-216-3eff-feb2-bc11]-9618&alias=learn.chtc.wisc.edu&noUDP&sock=schedd_1351356_64bc>
...
040 (266385.027.000) 2025-04-26 00:27:21 Started transferring input files
	Transferring to host: <128.105.68.208:9618?addrs=128.105.68.208-9618&alias=e2295.chtc.wisc.edu&noUDP&sock=slot1_37_3989_5c7b_28126>
...
040 (266385.027.000) 2025-04-26 00:27:39 Finished transferring input files
...
001 (266385.027.000) 2025-04-26 00:27:39 Job executing on host: <128.105.68.208:9618?addrs=128.105.68.208-9618&alias=e2295.chtc.wisc.edu&noUDP&sock=startd_7865_5075>
	SlotName: slot1_37@e2295.chtc.wisc.edu
	CondorScratchDir = "/var/lib/condor/execute/slot1/dir_5520"
	Cpus = 1
	Disk = 513024
	GPUs = 0
	IoHeavy = 0
	Memory = 512
...
006 (266385.027.000) 2025-04-26 00:27:43 Image size of job updated: 30
	0  -  MemoryUsage of job (MB)
	0  -  ResidentSetSize of job (KB)
...
040 (266385.027.000) 2025-04-26 00:27:43 Started transferring output files
...
040 (266385.027.000) 2025-04-26 00:27:43 Finished transferring output files
...
005 (266385.027.000) 2025-04-26 00:27:43 Job terminated.
	(1) Normal termination (return value 0)
		Usr 0 00:00:02, Sys 0 00:00:00  -  Run Remote Usage
		Usr 0 00:00:00, Sys 0 00:00:00  -  Run Local Usage
		Usr 0 00:00:02, Sys 0 00:00:00  -  Total Remote Usage
		Usr 0 00:00:00, Sys 0 00:00:00  -  Total Local Usage
	1497  -  Run Bytes Sent By Job
	3984999  -  Run Bytes Received By Job
	1497  -  Total Bytes Sent By Job
	3984999  -  Total Bytes Received By Job
	Partitionable Resources :    Usage  Request Allocated 
	   Cpus                 :        0        1         1 
	   Disk (KB)            :   780047   512000    513024 
	   GPUs                 :                           0 
	   IoHeavy              :                           0 
	   Memory (MB)          :        0      512       512 
	   TimeExecute (s)      :        4                    
	   TimeSlotBusy (s)     :       22                    

	Job terminated of its own accord at 2025-04-26T05:27:43Z with exit-code 0.
...
000 (266386.027.000) 2025-04-26 00:55:15 Job submitted from host: <128.104.100.148:9618?addrs=128.104.100.148-9618+[2607-f388-107c-501-216-3eff-feb2-bc11]-9618&alias=learn.chtc.wisc.edu&noUDP&sock=schedd_1351356_64bc>
...
040 (266386.027.000) 2025-04-26 00:56:37 Started transferring input files
	Transferring to host: <128.105.68.244:9618?addrs=128.105.68.244-9618&alias=e331.chtc.wisc.edu&noUDP&sock=slot1_31_18981_94dd_19590>
...
040 (266386.027.000) 2025-04-26 00:56:48 Finished transferring input files
...
001 (266386.027.000) 2025-04-26 00:56:48 Job executing on host: <128.105.68.244:9618?addrs=128.105.68.244-9618&alias=e331.chtc.wisc.edu&noUDP&sock=startd_7564_da73>
	SlotName: slot1_31@e331.chtc.wisc.edu
	CondorScratchDir = "/var/lib/condor/execute/slot1/dir_1753"
	Cpus = 1
	Disk = 1049600
	GPUs = 0
	IoHeavy = 0
	Memory = 1024
...
006 (266386.027.000) 2025-04-26 00:56:52 Image size of job updated: 108
	0  -  MemoryUsage of job (MB)
	0  -  ResidentSetSize of job (KB)
...
040 (266386.027.000) 2025-04-26 00:56:52 Started transferring output files
...
040 (266386.027.000) 2025-04-26 00:56:52 Finished transferring output files
...
005 (266386.027.000) 2025-04-26 00:56:52 Job terminated.
	(1) Normal termination (return value 0)
		Usr 0 00:00:02, Sys 0 00:00:00  -  Run Remote Usage
		Usr 0 00:00:00, Sys 0 00:00:00  -  Run Local Usage
		Usr 0 00:00:02, Sys 0 00:00:00  -  Total Remote Usage
		Usr 0 00:00:00, Sys 0 00:00:00  -  Total Local Usage
	1497  -  Run Bytes Sent By Job
	3984999  -  Run Bytes Received By Job
	1497  -  Total Bytes Sent By Job
	3984999  -  Total Bytes Received By Job
	Partitionable Resources :    Usage  Request Allocated 
	   Cpus                 :        0        1         1 
	   Disk (KB)            :   780048  1048576   1049600 
	   GPUs                 :                           0 
	   IoHeavy              :                           0 
	   Memory (MB)          :        0     1024      1024 
	   TimeExecute (s)      :        4                    
	   TimeSlotBusy (s)     :       15                    

	Job terminated of its own accord at 2025-04-26T05:56:52Z with exit-code 0.
...
009 (266384.027.000) 2025-04-26 02:35:52 Job was aborted.
	via condor_rm (by user twang682)
...
