000 (266384.025.000) 2025-04-25 23:53:58 Job submitted from host: <128.104.100.148:9618?addrs=128.104.100.148-9618+[2607-f388-107c-501-216-3eff-feb2-bc11]-9618&alias=learn.chtc.wisc.edu&noUDP&sock=schedd_1351356_64bc>
...
040 (266384.025.000) 2025-04-25 23:54:27 Started transferring input files
	Transferring to host: <128.105.68.207:9618?addrs=128.105.68.207-9618&alias=e2294.chtc.wisc.edu&noUDP&sock=slot1_26_34356_a8ee_2792>
...
040 (266384.025.000) 2025-04-25 23:55:05 Finished transferring input files
...
040 (266384.025.000) 2025-04-25 23:55:06 Started transferring output files
...
021 (266384.025.000) 2025-04-25 23:55:06 Error from starter on slot1_26@e2294.chtc.wisc.edu:
	Failed to transfer files: SHADOW at 128.104.100.148 failed to send file(s) to <128.105.68.207:42496>: |Error: reading from file /home/twang682/project/extracted_torn_data/2021_tornado.csv: (errno 2) No such file or directory; STARTER failed to receive file(s) from <128.104.100.148:9618>
	Code 13 Subcode 2
...
004 (266384.025.000) 2025-04-25 23:55:06 Job was evicted.
	(0) CPU times
		Usr 0 00:00:00, Sys 0 00:00:00  -  Run Remote Usage
		Usr 0 00:00:00, Sys 0 00:00:00  -  Run Local Usage
	0  -  Run Bytes Sent By Job
	2560739  -  Run Bytes Received By Job
	Transfer input files failure at access point learn while sending files to execution point slot1_26@e2294.chtc.wisc.edu. Details: reading from file /home/twang682/project/extracted_torn_data/2021_tornado.csv: (errno 2) No such file or directory
	Partitionable Resources :    Usage  Request Allocated 
	   Cpus                 :        0        1         1 
	   Disk (KB)            :   778655   512000    513024 
	   GPUs                 :                           0 
	   IoHeavy              :                           0 
	   Memory (MB)          :               512       512 
...
012 (266384.025.000) 2025-04-25 23:55:06 Job was held.
	Transfer input files failure at access point learn while sending files to execution point slot1_26@e2294.chtc.wisc.edu. Details: reading from file /home/twang682/project/extracted_torn_data/2021_tornado.csv: (errno 2) No such file or directory
	Code 13 Subcode 2
...
000 (266385.025.000) 2025-04-26 00:25:32 Job submitted from host: <128.104.100.148:9618?addrs=128.104.100.148-9618+[2607-f388-107c-501-216-3eff-feb2-bc11]-9618&alias=learn.chtc.wisc.edu&noUDP&sock=schedd_1351356_64bc>
...
040 (266385.025.000) 2025-04-26 00:27:22 Started transferring input files
	Transferring to host: <128.105.68.156:9618?addrs=128.105.68.156-9618+[2607-f388-2200-100-b226-28ff-fe50-3c4c]-9618&alias=e2015.chtc.wisc.edu&noUDP&sock=slot1_35_1013062_9325_14439>
...
040 (266385.025.000) 2025-04-26 00:31:34 Finished transferring input files
...
040 (266385.025.000) 2025-04-26 00:31:35 Started transferring output files
...
021 (266385.025.000) 2025-04-26 00:31:35 Error from starter on slot1_35@e2015.chtc.wisc.edu:
	Failed to transfer files: FILETRANSFER:1:non-zero exit (1) from /usr/libexec/condor/curl_plugin. |Error: Failure writing output to destination (with environment: http_proxy='http://squid-cs-2360.chtc.wisc.edu:3128', https_proxy='') ( URL file = file:///staging/jgillett/R_tidyverse_FITSio.sif )|
	Code 12 Subcode 256
...
004 (266385.025.000) 2025-04-26 00:31:35 Job was evicted.
	(0) CPU times
		Usr 0 00:00:00, Sys 0 00:00:00  -  Run Remote Usage
		Usr 0 00:00:00, Sys 0 00:00:00  -  Run Local Usage
	0  -  Run Bytes Sent By Job
	2728381  -  Run Bytes Received By Job
	Transfer input files failure at execution point slot1_35@e2015.chtc.wisc.edu using protocol file. Details: Failure writing output to destination (with environment: http_proxy='http://squid-cs-2360.chtc.wisc.edu:3128', https_proxy='') ( URL file = file:///staging/jgillett/R_tidyverse_FITSio.sif )|
	Partitionable Resources :    Usage  Request Allocated 
	   Cpus                 :                 1         1 
	   Disk (KB)            :   477252   512000    513234 
	   GPUs                 :                           0 
	   IoHeavy              :                           0 
	   Memory (MB)          :               512       512 
...
012 (266385.025.000) 2025-04-26 00:31:35 Job was held.
	Transfer input files failure at execution point slot1_35@e2015.chtc.wisc.edu using protocol file. Details: Failure writing output to destination (with environment: http_proxy='http://squid-cs-2360.chtc.wisc.edu:3128', https_proxy='') ( URL file = file:///staging/jgillett/R_tidyverse_FITSio.sif )|
	Code 13 Subcode 256
...
000 (266386.025.000) 2025-04-26 00:55:15 Job submitted from host: <128.104.100.148:9618?addrs=128.104.100.148-9618+[2607-f388-107c-501-216-3eff-feb2-bc11]-9618&alias=learn.chtc.wisc.edu&noUDP&sock=schedd_1351356_64bc>
...
040 (266386.025.000) 2025-04-26 00:56:17 Started transferring input files
	Transferring to host: <128.105.68.159:9618?addrs=128.105.68.159-9618+[2607-f388-2200-100-b226-28ff-fe51-396c]-9618&alias=e2018.chtc.wisc.edu&noUDP&sock=slot1_31_1666486_e4f0_19242>
...
040 (266386.025.000) 2025-04-26 00:56:21 Finished transferring input files
...
001 (266386.025.000) 2025-04-26 00:56:21 Job executing on host: <128.105.68.159:9618?addrs=128.105.68.159-9618+[2607-f388-2200-100-b226-28ff-fe51-396c]-9618&alias=e2018.chtc.wisc.edu&noUDP&sock=startd_211473_7787>
	SlotName: slot1_31@e2018.chtc.wisc.edu
	CondorScratchDir = "/var/lib/condor/execute/slot1/dir_2332617"
	Cpus = 1
	Disk = 1049728
	GPUs = 0
	IoHeavy = 0
	Memory = 1024
...
006 (266386.025.000) 2025-04-26 00:56:26 Image size of job updated: 184
	0  -  MemoryUsage of job (MB)
	0  -  ResidentSetSize of job (KB)
...
040 (266386.025.000) 2025-04-26 00:56:26 Started transferring output files
...
040 (266386.025.000) 2025-04-26 00:56:26 Finished transferring output files
...
005 (266386.025.000) 2025-04-26 00:56:26 Job terminated.
	(1) Normal termination (return value 0)
		Usr 0 00:00:02, Sys 0 00:00:00  -  Run Remote Usage
		Usr 0 00:00:00, Sys 0 00:00:00  -  Run Local Usage
		Usr 0 00:00:02, Sys 0 00:00:00  -  Total Remote Usage
		Usr 0 00:00:00, Sys 0 00:00:00  -  Total Local Usage
	1449  -  Run Bytes Sent By Job
	2728381  -  Run Bytes Received By Job
	1449  -  Total Bytes Sent By Job
	2728381  -  Total Bytes Received By Job
	Partitionable Resources :    Usage  Request Allocated 
	   Cpus                 :        0        1         1 
	   Disk (KB)            :   778821  1048576   1049728 
	   GPUs                 :                           0 
	   IoHeavy              :                           0 
	   Memory (MB)          :        0     1024      1024 
	   TimeExecute (s)      :        5                    
	   TimeSlotBusy (s)     :       10                    

	Job terminated of its own accord at 2025-04-26T05:56:26Z with exit-code 0.
...
009 (266384.025.000) 2025-04-26 02:35:51 Job was aborted.
	via condor_rm (by user twang682)
...
009 (266385.025.000) 2025-04-26 02:35:52 Job was aborted.
	via condor_rm (by user twang682)
...
