000 (266384.009.000) 2025-04-25 23:53:58 Job submitted from host: <128.104.100.148:9618?addrs=128.104.100.148-9618+[2607-f388-107c-501-216-3eff-feb2-bc11]-9618&alias=learn.chtc.wisc.edu&noUDP&sock=schedd_1351356_64bc>
...
040 (266384.009.000) 2025-04-25 23:54:26 Started transferring input files
	Transferring to host: <128.105.68.154:9618?addrs=128.105.68.154-9618+[2607-f388-2200-100-b226-28ff-fe51-60cc]-9618&alias=e2013.chtc.wisc.edu&noUDP&sock=slot1_17_1782170_bcd0_18919>
...
040 (266384.009.000) 2025-04-25 23:58:40 Finished transferring input files
...
040 (266384.009.000) 2025-04-25 23:58:41 Started transferring output files
...
021 (266384.009.000) 2025-04-25 23:58:41 Error from starter on slot1_17@e2013.chtc.wisc.edu:
	Failed to transfer files: SHADOW at 128.104.100.148 failed to send file(s) to <128.105.68.154:41441>: |Error: reading from file /home/twang682/project/extracted_torn_data/2005_tornado.csv: (errno 2) No such file or directory; STARTER failed to receive file(s) from <128.104.100.148:9618>
	Code 13 Subcode 2
...
004 (266384.009.000) 2025-04-25 23:58:41 Job was evicted.
	(0) CPU times
		Usr 0 00:00:00, Sys 0 00:00:00  -  Run Remote Usage
		Usr 0 00:00:00, Sys 0 00:00:00  -  Run Local Usage
	0  -  Run Bytes Sent By Job
	2673491  -  Run Bytes Received By Job
	Transfer input files failure at access point learn while sending files to execution point slot1_17@e2013.chtc.wisc.edu. Details: reading from file /home/twang682/project/extracted_torn_data/2005_tornado.csv: (errno 2) No such file or directory
	Partitionable Resources :    Usage  Request Allocated 
	   Cpus                 :                 1         1 
	   Disk (KB)            :   477250   512000    513234 
	   GPUs                 :                           0 
	   IoHeavy              :                           0 
	   Memory (MB)          :               512       512 
...
012 (266384.009.000) 2025-04-25 23:58:41 Job was held.
	Transfer input files failure at access point learn while sending files to execution point slot1_17@e2013.chtc.wisc.edu. Details: reading from file /home/twang682/project/extracted_torn_data/2005_tornado.csv: (errno 2) No such file or directory
	Code 13 Subcode 2
...
000 (266385.009.000) 2025-04-26 00:25:32 Job submitted from host: <128.104.100.148:9618?addrs=128.104.100.148-9618+[2607-f388-107c-501-216-3eff-feb2-bc11]-9618&alias=learn.chtc.wisc.edu&noUDP&sock=schedd_1351356_64bc>
...
040 (266385.009.000) 2025-04-26 00:27:19 Started transferring input files
	Transferring to host: <128.105.69.66:9618?addrs=128.105.69.66-9618&alias=e2395.chtc.wisc.edu&noUDP&sock=slot1_37_39274_d5f6_20162>
...
040 (266385.009.000) 2025-04-26 00:27:44 Finished transferring input files
...
001 (266385.009.000) 2025-04-26 00:27:44 Job executing on host: <128.105.69.66:9618?addrs=128.105.69.66-9618&alias=e2395.chtc.wisc.edu&noUDP&sock=startd_8507_ac42>
	SlotName: slot1_37@e2395.chtc.wisc.edu
	CondorScratchDir = "/var/lib/condor/execute/slot1/dir_21531"
	Cpus = 1
	Disk = 513024
	GPUs = 0
	IoHeavy = 0
	Memory = 512
...
006 (266385.009.000) 2025-04-26 00:27:56 Image size of job updated: 108
	0  -  MemoryUsage of job (MB)
	0  -  ResidentSetSize of job (KB)
...
040 (266385.009.000) 2025-04-26 00:27:56 Started transferring output files
...
040 (266385.009.000) 2025-04-26 00:27:56 Finished transferring output files
...
005 (266385.009.000) 2025-04-26 00:27:56 Job terminated.
	(1) Normal termination (return value 0)
		Usr 0 00:00:02, Sys 0 00:00:00  -  Run Remote Usage
		Usr 0 00:00:00, Sys 0 00:00:00  -  Run Local Usage
		Usr 0 00:00:02, Sys 0 00:00:00  -  Total Remote Usage
		Usr 0 00:00:00, Sys 0 00:00:00  -  Total Local Usage
	1284  -  Run Bytes Sent By Job
	2814516  -  Run Bytes Received By Job
	1284  -  Total Bytes Sent By Job
	2814516  -  Total Bytes Received By Job
	Partitionable Resources :    Usage  Request Allocated 
	   Cpus                 :        0        1         1 
	   Disk (KB)            :   778904   512000    513024 
	   GPUs                 :                           0 
	   IoHeavy              :                           0 
	   Memory (MB)          :        0      512       512 
	   TimeExecute (s)      :       12                    
	   TimeSlotBusy (s)     :       37                    

	Job terminated of its own accord at 2025-04-26T05:27:56Z with exit-code 0.
...
000 (266386.009.000) 2025-04-26 00:55:15 Job submitted from host: <128.104.100.148:9618?addrs=128.104.100.148-9618+[2607-f388-107c-501-216-3eff-feb2-bc11]-9618&alias=learn.chtc.wisc.edu&noUDP&sock=schedd_1351356_64bc>
...
040 (266386.009.000) 2025-04-26 00:56:14 Started transferring input files
	Transferring to host: <128.105.69.31:9618?addrs=128.105.69.31-9618&alias=e2353.chtc.wisc.edu&noUDP&sock=slot1_33_5081_c628_26285>
...
040 (266386.009.000) 2025-04-26 00:56:35 Finished transferring input files
...
001 (266386.009.000) 2025-04-26 00:56:35 Job executing on host: <128.105.69.31:9618?addrs=128.105.69.31-9618&alias=e2353.chtc.wisc.edu&noUDP&sock=startd_7767_182d>
	SlotName: slot1_33@e2353.chtc.wisc.edu
	CondorScratchDir = "/var/lib/condor/execute/slot1/dir_12504"
	Cpus = 1
	Disk = 1049600
	GPUs = 0
	IoHeavy = 0
	Memory = 1024
...
006 (266386.009.000) 2025-04-26 00:56:40 Image size of job updated: 120
	0  -  MemoryUsage of job (MB)
	0  -  ResidentSetSize of job (KB)
...
040 (266386.009.000) 2025-04-26 00:56:40 Started transferring output files
...
040 (266386.009.000) 2025-04-26 00:56:40 Finished transferring output files
...
005 (266386.009.000) 2025-04-26 00:56:40 Job terminated.
	(1) Normal termination (return value 0)
		Usr 0 00:00:02, Sys 0 00:00:00  -  Run Remote Usage
		Usr 0 00:00:00, Sys 0 00:00:00  -  Run Local Usage
		Usr 0 00:00:02, Sys 0 00:00:00  -  Total Remote Usage
		Usr 0 00:00:00, Sys 0 00:00:00  -  Total Local Usage
	1284  -  Run Bytes Sent By Job
	2814516  -  Run Bytes Received By Job
	1284  -  Total Bytes Sent By Job
	2814516  -  Total Bytes Received By Job
	Partitionable Resources :     Usage  Request Allocated 
	   Cpus                 :      0.03        1         1 
	   Disk (KB)            : 778904     1048576   1049600 
	   GPUs                 :                            0 
	   IoHeavy              :                            0 
	   Memory (MB)          :      0        1024      1024 
	   TimeExecute (s)      :      5                       
	   TimeSlotBusy (s)     :     26                       

	Job terminated of its own accord at 2025-04-26T05:56:40Z with exit-code 0.
...
009 (266384.009.000) 2025-04-26 02:35:50 Job was aborted.
	via condor_rm (by user twang682)
...
