000 (266384.022.000) 2025-04-25 23:53:58 Job submitted from host: <128.104.100.148:9618?addrs=128.104.100.148-9618+[2607-f388-107c-501-216-3eff-feb2-bc11]-9618&alias=learn.chtc.wisc.edu&noUDP&sock=schedd_1351356_64bc>
...
040 (266384.022.000) 2025-04-25 23:54:28 Started transferring input files
	Transferring to host: <128.105.68.135:9618?addrs=128.105.68.135-9618&alias=e2433.chtc.wisc.edu&noUDP&sock=slot1_39_14059_9655_24497>
...
021 (266384.022.000) 2025-04-25 23:54:59 Error from starter on slot1_39@e2433.chtc.wisc.edu:
	SHADOW at 128.104.100.148 failed to send file(s) to <128.105.68.135:44706>: |Error: reading from file /home/twang682/project/extracted_torn_data/2018_tornado.csv: (errno 2) No such file or directory; STARTER failed to receive file(s) from <128.104.100.148:9618>
	Code 13 Subcode 2
...
004 (266384.022.000) 2025-04-25 23:54:59 Job was evicted.
	(0) CPU times
		Usr 0 00:00:00, Sys 0 00:00:00  -  Run Remote Usage
		Usr 0 00:00:00, Sys 0 00:00:00  -  Run Local Usage
	0  -  Run Bytes Sent By Job
	2625858  -  Run Bytes Received By Job
	Transfer input files failure at access point learn while sending files to execution point slot1_39@e2433.chtc.wisc.edu. Details: reading from file /home/twang682/project/extracted_torn_data/2018_tornado.csv: (errno 2) No such file or directory
	Partitionable Resources :    Usage  Request Allocated 
	   Cpus                 :                 1         1 
	   Disk (KB)            :     2750   512000    950623 
	   IoHeavy              :                           0 
	   Memory (MB)          :               512       512 
...
012 (266384.022.000) 2025-04-25 23:54:59 Job was held.
	Transfer input files failure at access point learn while sending files to execution point slot1_39@e2433.chtc.wisc.edu. Details: reading from file /home/twang682/project/extracted_torn_data/2018_tornado.csv: (errno 2) No such file or directory
	Code 13 Subcode 2
...
000 (266385.022.000) 2025-04-26 00:25:32 Job submitted from host: <128.104.100.148:9618?addrs=128.104.100.148-9618+[2607-f388-107c-501-216-3eff-feb2-bc11]-9618&alias=learn.chtc.wisc.edu&noUDP&sock=schedd_1351356_64bc>
...
040 (266385.022.000) 2025-04-26 00:27:21 Started transferring input files
	Transferring to host: <128.105.69.66:9618?addrs=128.105.69.66-9618&alias=e2395.chtc.wisc.edu&noUDP&sock=slot1_38_39274_d5f6_20163>
...
040 (266385.022.000) 2025-04-26 00:27:44 Finished transferring input files
...
001 (266385.022.000) 2025-04-26 00:27:44 Job executing on host: <128.105.69.66:9618?addrs=128.105.69.66-9618&alias=e2395.chtc.wisc.edu&noUDP&sock=startd_8507_ac42>
	SlotName: slot1_38@e2395.chtc.wisc.edu
	CondorScratchDir = "/var/lib/condor/execute/slot1/dir_21572"
	Cpus = 1
	Disk = 513024
	GPUs = 0
	IoHeavy = 0
	Memory = 512
...
006 (266385.022.000) 2025-04-26 00:27:53 Image size of job updated: 80744
	79  -  MemoryUsage of job (MB)
	80744  -  ResidentSetSize of job (KB)
...
006 (266385.022.000) 2025-04-26 00:27:55 Image size of job updated: 105264
	81  -  MemoryUsage of job (MB)
	82388  -  ResidentSetSize of job (KB)
...
040 (266385.022.000) 2025-04-26 00:27:55 Started transferring output files
...
040 (266385.022.000) 2025-04-26 00:27:55 Finished transferring output files
...
005 (266385.022.000) 2025-04-26 00:27:55 Job terminated.
	(1) Normal termination (return value 0)
		Usr 0 00:00:02, Sys 0 00:00:00  -  Run Remote Usage
		Usr 0 00:00:00, Sys 0 00:00:00  -  Run Local Usage
		Usr 0 00:00:02, Sys 0 00:00:00  -  Total Remote Usage
		Usr 0 00:00:00, Sys 0 00:00:00  -  Total Local Usage
	1445  -  Run Bytes Sent By Job
	2766747  -  Run Bytes Received By Job
	1445  -  Total Bytes Sent By Job
	2766747  -  Total Bytes Received By Job
	Partitionable Resources :    Usage  Request Allocated 
	   Cpus                 :        0        1         1 
	   Disk (KB)            :   778858   512000    513024 
	   GPUs                 :                           0 
	   IoHeavy              :                           0 
	   Memory (MB)          :       81      512       512 
	   TimeExecute (s)      :       11                    
	   TimeSlotBusy (s)     :       34                    

	Job terminated of its own accord at 2025-04-26T05:27:55Z with exit-code 0.
...
000 (266386.022.000) 2025-04-26 00:55:15 Job submitted from host: <128.104.100.148:9618?addrs=128.104.100.148-9618+[2607-f388-107c-501-216-3eff-feb2-bc11]-9618&alias=learn.chtc.wisc.edu&noUDP&sock=schedd_1351356_64bc>
...
040 (266386.022.000) 2025-04-26 00:56:16 Started transferring input files
	Transferring to host: <128.105.68.159:9618?addrs=128.105.68.159-9618+[2607-f388-2200-100-b226-28ff-fe51-396c]-9618&alias=e2018.chtc.wisc.edu&noUDP&sock=slot1_27_1666486_e4f0_19239>
...
040 (266386.022.000) 2025-04-26 00:56:21 Finished transferring input files
...
001 (266386.022.000) 2025-04-26 00:56:21 Job executing on host: <128.105.68.159:9618?addrs=128.105.68.159-9618+[2607-f388-2200-100-b226-28ff-fe51-396c]-9618&alias=e2018.chtc.wisc.edu&noUDP&sock=startd_211473_7787>
	SlotName: slot1_27@e2018.chtc.wisc.edu
	CondorScratchDir = "/var/lib/condor/execute/slot1/dir_2332609"
	Cpus = 1
	Disk = 1049728
	GPUs = 0
	IoHeavy = 0
	Memory = 1024
...
006 (266386.022.000) 2025-04-26 00:56:26 Image size of job updated: 188
	0  -  MemoryUsage of job (MB)
	0  -  ResidentSetSize of job (KB)
...
040 (266386.022.000) 2025-04-26 00:56:26 Started transferring output files
...
040 (266386.022.000) 2025-04-26 00:56:26 Finished transferring output files
...
005 (266386.022.000) 2025-04-26 00:56:26 Job terminated.
	(1) Normal termination (return value 0)
		Usr 0 00:00:03, Sys 0 00:00:00  -  Run Remote Usage
		Usr 0 00:00:00, Sys 0 00:00:00  -  Run Local Usage
		Usr 0 00:00:03, Sys 0 00:00:00  -  Total Remote Usage
		Usr 0 00:00:00, Sys 0 00:00:00  -  Total Local Usage
	1445  -  Run Bytes Sent By Job
	2766747  -  Run Bytes Received By Job
	1445  -  Total Bytes Sent By Job
	2766747  -  Total Bytes Received By Job
	Partitionable Resources :    Usage  Request Allocated 
	   Cpus                 :        0        1         1 
	   Disk (KB)            :   778859  1048576   1049728 
	   GPUs                 :                           0 
	   IoHeavy              :                           0 
	   Memory (MB)          :        0     1024      1024 
	   TimeExecute (s)      :        5                    
	   TimeSlotBusy (s)     :       10                    

	Job terminated of its own accord at 2025-04-26T05:56:26Z with exit-code 0.
...
009 (266384.022.000) 2025-04-26 02:35:51 Job was aborted.
	via condor_rm (by user twang682)
...
